// Jest Snapshot v1, https://goo.gl/fbAQLP

exports[`ArticleList tests renders correctly 1`] = `
<div>
  <article
    class="container"
  >
    <ul
      class="list"
    >
      <li>
        <article
          class="box"
        >
          <h1
            class="header"
          >
            a
          </h1>
          <div>
            <button
              class="button"
            >
              Show more
            </button>
          </div>
        </article>
      </li>
    </ul>
  </article>
</div>
`;
